I'm sorry, but errors were detected in your script. Please correct the
errors listed below, and try again.


File "game/scripts/story/day3.rpy", line 582: expected 'image_name_component' not found.
    hide (gavin, lucas) with easeoutleft
         ^

Ren'Py Version: Ren'Py 8.2.1.24030407
Mon Apr 22 22:13:11 2024
